{
  "method": "textDocument/completion",
  "result": {
    "isIncomplete": false,
    "items": [
      {
        "label": "Foo",
        "kind": 3,
        "detail": "(props: {...}) => null",
        "sortText": "00000000000000000000",
        "insertTextFormat": 1,
        "textEdit": {
          "range": {
            "start": {
              "line": 4,
              "character": 2
            },
            "end": {
              "line": 4,
              "character": 3
            }
          },
          "newText": "Foo"
        },
        "additionalTextEdits": [
          {
            "range": {
              "start": {
                "line": 2,
                "character": 0
              },
              "end": {
                "line": 2,
                "character": 0
              }
            },
            "newText": "import * as React from \"react\";\n\n"
          }
        ],
        "command": {
          "title": "",
          "command": "log:org.flow:<PLACEHOLDER_PROJECT_URL>",
          "arguments": [
            "textDocument/completion",
            "local value identifier",
            {
              "token": "FAUTO332",
              "index": 0,
              "session_requests": 1,
              "typed_length": 1,
              "completion": "Foo",
              "ac_type": "Ac_jsx_element"
            }
          ]
        }
      },
      {
        "label": "Function",
        "kind": 6,
        "detail": "(global)",
        "sortText": "00000000000000000001",
        "insertTextFormat": 1,
        "textEdit": {
          "range": {
            "start": {
              "line": 4,
              "character": 2
            },
            "end": {
              "line": 4,
              "character": 3
            }
          },
          "newText": "Function"
        },
        "additionalTextEdits": [
          {
            "range": {
              "start": {
                "line": 2,
                "character": 0
              },
              "end": {
                "line": 2,
                "character": 0
              }
            },
            "newText": "import * as React from \"react\";\n\n"
          }
        ],
        "command": {
          "title": "",
          "command": "log:org.flow:<PLACEHOLDER_PROJECT_URL>",
          "arguments": [
            "textDocument/completion",
            "global",
            {
              "token": "FAUTO332",
              "index": 1,
              "session_requests": 1,
              "typed_length": 1,
              "completion": "Function",
              "ac_type": "Ac_jsx_element"
            }
          ]
        }
      }
    ]
  }
}
