{
  "method": "textDocument/completion",
  "result": {
    "isIncomplete": false,
    "items": []
  }
}
