{
  "method": "textDocument/completion",
  "result": {
    "isIncomplete": false,
    "items": [
      {
        "label": "foobar",
        "kind": 6,
        "detail": "string",
        "sortText": "00000000000000000000",
        "insertTextFormat": 1,
        "textEdit": {
          "range": {
            "start": {
              "line": 2,
              "character": 19
            },
            "end": {
              "line": 2,
              "character": 25
            }
          },
          "newText": "foobar"
        },
        "command": {
          "title": "",
          "command": "log:org.flow:<PLACEHOLDER_PROJECT_URL>",
          "arguments": [
            "textDocument/completion",
            "local value identifier",
            {
              "token": "foobarAUTO332",
              "index": 0,
              "session_requests": 1,
              "typed_length": 6,
              "completion": "foobar",
              "ac_type": "Acid"
            }
          ]
        }
      }
    ]
  }
}
