{
  "method": "textDocument/completion",
  "result": {
    "isIncomplete": false,
    "items": [
      {
        "label": "AllTheThings",
        "kind": 6,
        "detail": "Import default from ./AllTheThings",
        "sortText": "00000000000000000000",
        "insertTextFormat": 1,
        "textEdit": {
          "range": {
            "start": {
              "line": 2,
              "character": 0
            },
            "end": {
              "line": 2,
              "character": 3
            }
          },
          "newText": "AllTheThings"
        },
        "additionalTextEdits": [
          {
            "range": {
              "start": {
                "line": 2,
                "character": 0
              },
              "end": {
                "line": 2,
                "character": 0
              }
            },
            "newText": "import AllTheThings from \"./AllTheThings\";\n\n"
          }
        ],
        "command": {
          "title": "",
          "command": "log:org.flow:<PLACEHOLDER_PROJECT_URL>",
          "arguments": [
            "textDocument/completion",
            "autoimport",
            {
              "token": "AllAUTO332",
              "index": 0,
              "session_requests": 1,
              "typed_length": 3,
              "completion": "AllTheThings",
              "ac_type": "Acid"
            }
          ]
        }
      },
      {
        "label": "AllTheThings",
        "kind": 6,
        "detail": "Import from ./AllTheThings",
        "sortText": "00000000000000000001",
        "insertTextFormat": 1,
        "textEdit": {
          "range": {
            "start": {
              "line": 2,
              "character": 0
            },
            "end": {
              "line": 2,
              "character": 3
            }
          },
          "newText": "AllTheThings"
        },
        "additionalTextEdits": [
          {
            "range": {
              "start": {
                "line": 2,
                "character": 0
              },
              "end": {
                "line": 2,
                "character": 0
              }
            },
            "newText": "import { AllTheThings } from \"./AllTheThings\";\n\n"
          }
        ],
        "command": {
          "title": "",
          "command": "log:org.flow:<PLACEHOLDER_PROJECT_URL>",
          "arguments": [
            "textDocument/completion",
            "autoimport",
            {
              "token": "AllAUTO332",
              "index": 1,
              "session_requests": 1,
              "typed_length": 3,
              "completion": "AllTheThings",
              "ac_type": "Acid"
            }
          ]
        }
      },
      {
        "label": "AllTheThings",
        "kind": 6,
        "detail": "Import * from ./AllTheThings",
        "sortText": "00000000000000000002",
        "insertTextFormat": 1,
        "textEdit": {
          "range": {
            "start": {
              "line": 2,
              "character": 0
            },
            "end": {
              "line": 2,
              "character": 3
            }
          },
          "newText": "AllTheThings"
        },
        "additionalTextEdits": [
          {
            "range": {
              "start": {
                "line": 2,
                "character": 0
              },
              "end": {
                "line": 2,
                "character": 0
              }
            },
            "newText": "import * as AllTheThings from \"./AllTheThings\";\n\n"
          }
        ],
        "command": {
          "title": "",
          "command": "log:org.flow:<PLACEHOLDER_PROJECT_URL>",
          "arguments": [
            "textDocument/completion",
            "autoimport",
            {
              "token": "AllAUTO332",
              "index": 2,
              "session_requests": 1,
              "typed_length": 3,
              "completion": "AllTheThings",
              "ac_type": "Acid"
            }
          ]
        }
      }
    ]
  }
}
