{
  "method": "textDocument/rename",
  "result": {
    "changes": {
      "<PLACEHOLDER_PROJECT_URL>/__fixtures__/locals.js": [
        {
          "range": {
            "start": {
              "line": 36,
              "character": 9
            },
            "end": {
              "line": 36,
              "character": 20
            }
          },
          "newText": "NEW_NAME"
        },
        {
          "range": {
            "start": {
              "line": 39,
              "character": 1
            },
            "end": {
              "line": 39,
              "character": 12
            }
          },
          "newText": "NEW_NAME"
        }
      ]
    }
  }
}
