{
  "method": "textDocument/documentHighlight",
  "result": [
    {
      "range": {
        "start": {
          "line": 0,
          "character": 5
        },
        "end": {
          "line": 0,
          "character": 8
        }
      },
      "kind": 1
    },
    {
      "range": {
        "start": {
          "line": 1,
          "character": 11
        },
        "end": {
          "line": 1,
          "character": 14
        }
      },
      "kind": 1
    }
  ]
}
