{
  "method": "textDocument/references",
  "result": [
    {
      "uri": "<PLACEHOLDER_PROJECT_URL>/__fixtures__/identifiers-def.js",
      "range": {
        "start": {
          "line": 2,
          "character": 13
        },
        "end": {
          "line": 2,
          "character": 14
        }
      }
    },
    {
      "uri": "<PLACEHOLDER_PROJECT_URL>/__fixtures__/use-exported-identifiers-site-a.js",
      "range": {
        "start": {
          "line": 2,
          "character": 8
        },
        "end": {
          "line": 2,
          "character": 9
        }
      }
    },
    {
      "uri": "<PLACEHOLDER_PROJECT_URL>/__fixtures__/use-exported-identifiers-site-a.js",
      "range": {
        "start": {
          "line": 3,
          "character": 8
        },
        "end": {
          "line": 3,
          "character": 9
        }
      }
    },
    {
      "uri": "<PLACEHOLDER_PROJECT_URL>/__fixtures__/use-exported-identifiers-site-a.js",
      "range": {
        "start": {
          "line": 5,
          "character": 0
        },
        "end": {
          "line": 5,
          "character": 1
        }
      }
    },
    {
      "uri": "<PLACEHOLDER_PROJECT_URL>/__fixtures__/use-exported-identifiers-site-a.js",
      "range": {
        "start": {
          "line": 10,
          "character": 9
        },
        "end": {
          "line": 10,
          "character": 10
        }
      }
    },
    {
      "uri": "<PLACEHOLDER_PROJECT_URL>/__fixtures__/use-exported-identifiers-site-a.js",
      "range": {
        "start": {
          "line": 10,
          "character": 12
        },
        "end": {
          "line": 10,
          "character": 13
        }
      }
    },
    {
      "uri": "<PLACEHOLDER_PROJECT_URL>/__fixtures__/use-exported-identifiers-site-a.js",
      "range": {
        "start": {
          "line": 11,
          "character": 2
        },
        "end": {
          "line": 11,
          "character": 3
        }
      }
    },
    {
      "uri": "<PLACEHOLDER_PROJECT_URL>/__fixtures__/use-exported-identifiers-site-a.js",
      "range": {
        "start": {
          "line": 12,
          "character": 9
        },
        "end": {
          "line": 12,
          "character": 10
        }
      }
    },
    {
      "uri": "<PLACEHOLDER_PROJECT_URL>/__fixtures__/use-exported-identifiers-site-a.js",
      "range": {
        "start": {
          "line": 13,
          "character": 2
        },
        "end": {
          "line": 13,
          "character": 3
        }
      }
    },
    {
      "uri": "<PLACEHOLDER_PROJECT_URL>/__fixtures__/use-exported-identifiers-site-b.js",
      "range": {
        "start": {
          "line": 4,
          "character": 2
        },
        "end": {
          "line": 4,
          "character": 3
        }
      }
    },
    {
      "uri": "<PLACEHOLDER_PROJECT_URL>/__fixtures__/use-exported-identifiers-site-b.js",
      "range": {
        "start": {
          "line": 6,
          "character": 6
        },
        "end": {
          "line": 6,
          "character": 7
        }
      }
    },
    {
      "uri": "<PLACEHOLDER_PROJECT_URL>/__fixtures__/use-exported-identifiers-site-b.js",
      "range": {
        "start": {
          "line": 9,
          "character": 2
        },
        "end": {
          "line": 9,
          "character": 3
        }
      }
    },
    {
      "uri": "<PLACEHOLDER_PROJECT_URL>/__fixtures__/use-exported-identifiers-site-b.js",
      "range": {
        "start": {
          "line": 11,
          "character": 6
        },
        "end": {
          "line": 11,
          "character": 7
        }
      }
    }
  ]
}
