{
  "method": "textDocument/references",
  "result": [
    {
      "uri": "<PLACEHOLDER_PROJECT_URL>/__fixtures__/prop-def.js",
      "range": {
        "start": {
          "line": 3,
          "character": 4
        },
        "end": {
          "line": 3,
          "character": 7
        }
      }
    },
    {
      "uri": "<PLACEHOLDER_PROJECT_URL>/__fixtures__/use-prop-site-a.js",
      "range": {
        "start": {
          "line": 4,
          "character": 18
        },
        "end": {
          "line": 4,
          "character": 21
        }
      }
    },
    {
      "uri": "<PLACEHOLDER_PROJECT_URL>/__fixtures__/use-prop-site-a.js",
      "range": {
        "start": {
          "line": 5,
          "character": 4
        },
        "end": {
          "line": 5,
          "character": 7
        }
      }
    },
    {
      "uri": "<PLACEHOLDER_PROJECT_URL>/__fixtures__/use-prop-site-a.js",
      "range": {
        "start": {
          "line": 7,
          "character": 22
        },
        "end": {
          "line": 7,
          "character": 25
        }
      }
    },
    {
      "uri": "<PLACEHOLDER_PROJECT_URL>/__fixtures__/use-prop-site-a.js",
      "range": {
        "start": {
          "line": 8,
          "character": 2
        },
        "end": {
          "line": 8,
          "character": 5
        }
      }
    },
    {
      "uri": "<PLACEHOLDER_PROJECT_URL>/__fixtures__/use-prop-site-a.js",
      "range": {
        "start": {
          "line": 11,
          "character": 13
        },
        "end": {
          "line": 11,
          "character": 16
        }
      }
    },
    {
      "uri": "<PLACEHOLDER_PROJECT_URL>/__fixtures__/use-prop-site-a.js",
      "range": {
        "start": {
          "line": 13,
          "character": 7
        },
        "end": {
          "line": 13,
          "character": 10
        }
      }
    },
    {
      "uri": "<PLACEHOLDER_PROJECT_URL>/__fixtures__/use-prop-site-a.js",
      "range": {
        "start": {
          "line": 14,
          "character": 12
        },
        "end": {
          "line": 14,
          "character": 15
        }
      }
    },
    {
      "uri": "<PLACEHOLDER_PROJECT_URL>/__fixtures__/use-prop-site-b.js",
      "range": {
        "start": {
          "line": 4,
          "character": 18
        },
        "end": {
          "line": 4,
          "character": 21
        }
      }
    },
    {
      "uri": "<PLACEHOLDER_PROJECT_URL>/__fixtures__/use-prop-site-b.js",
      "range": {
        "start": {
          "line": 5,
          "character": 4
        },
        "end": {
          "line": 5,
          "character": 7
        }
      }
    }
  ]
}
