{
  "method": "textDocument/rename",
  "result": {
    "changes": {
      "<PLACEHOLDER_PROJECT_URL>/__fixtures__/use-exported-identifiers-site-a.js": [
        {
          "range": {
            "start": {
              "line": 2,
              "character": 10
            },
            "end": {
              "line": 2,
              "character": 11
            }
          },
          "newText": "NEW_NAME"
        },
        {
          "range": {
            "start": {
              "line": 6,
              "character": 0
            },
            "end": {
              "line": 6,
              "character": 1
            }
          },
          "newText": "NEW_NAME"
        }
      ],
      "<PLACEHOLDER_PROJECT_URL>/__fixtures__/identifiers-def.js": [
        {
          "range": {
            "start": {
              "line": 3,
              "character": 16
            },
            "end": {
              "line": 3,
              "character": 17
            }
          },
          "newText": "NEW_NAME"
        }
      ]
    }
  }
}
